// Jest Snapshot v1, https://goo.gl/fbAQLP

exports[`changes the class when hovered 1`] = `
<div
  className="button-style"
  data-testid="button"
>
  save
</div>
`;
